
09/17 14:53:08 [[1;32mNOTICE[0m] Downloading 1 item(s)
[#255906 800KiB/166MiB(0%) CN:16 DL:0.9MiB ETA:2m48s]
[#255906 3.0MiB/166MiB(1%) CN:16 DL:1.6MiB ETA:1m37s]
[#255906 5.3MiB/166MiB(3%) CN:16 DL:1.9MiB ETA:1m23s]
 *** Download Progress Summary as of Thu Sep 17 14:53:12 2026 *** 
===============================================================================
[#255906 7.8MiB/166MiB(4%) CN:16 DL:2.0MiB ETA:1m16s]
FILE: /workspace/wheels/torch-2.5.1+cpu-cp312-cp312-linux_x86_64.whl
-------------------------------------------------------------------------------

[#255906 7.8MiB/166MiB(4%) CN:16 DL:2.0MiB ETA:1m16s]
[#255906 10MiB/166MiB(6%) CN:16 DL:2.1MiB ETA:1m12s]
[#255906 13MiB/166MiB(7%) CN:16 DL:2.2MiB ETA:1m7s]
[#255906 15MiB/166MiB(9%) CN:16 DL:2.3MiB ETA:1m5s]
 *** Download Progress Summary as of Thu Sep 17 14:53:16 2026 *** 
===============================================================================
[#255906 18MiB/166MiB(10%) CN:16 DL:2.3MiB ETA:1m3s]
FILE: /workspace/wheels/torch-2.5.1+cpu-cp312-cp312-linux_x86_64.whl
-------------------------------------------------------------------------------

[#255906 18MiB/166MiB(10%) CN:16 DL:2.3MiB ETA:1m3s]
[#255906 20MiB/166MiB(12%) CN:16 DL:2.3MiB ETA:1m1s]
[#255906 23MiB/166MiB(14%) CN:16 DL:2.3MiB ETA:59s]
[#255906 26MiB/166MiB(15%) CN:16 DL:2.5MiB ETA:54s]
 *** Download Progress Summary as of Thu Sep 17 14:53:20 2026 *** 
===============================================================================
[#255906 28MiB/166MiB(17%) CN:16 DL:2.5MiB ETA:53s]
FILE: /workspace/wheels/torch-2.5.1+cpu-cp312-cp312-linux_x86_64.whl
-------------------------------------------------------------------------------

[#255906 28MiB/166MiB(17%) CN:16 DL:2.5MiB ETA:53s]
[#255906 31MiB/166MiB(18%) CN:16 DL:2.6MiB ETA:52s]
[#255906 33MiB/166MiB(20%) CN:16 DL:2.6MiB ETA:50s]
[#255906 36MiB/166MiB(21%) CN:16 DL:2.6MiB ETA:49s]
 *** Download Progress Summary as of Thu Sep 17 14:53:24 2026 *** 
===============================================================================
[#255906 39MiB/166MiB(23%) CN:16 DL:2.6MiB ETA:48s]
FILE: /workspace/wheels/torch-2.5.1+cpu-cp312-cp312-linux_x86_64.whl
-------------------------------------------------------------------------------

[#255906 39MiB/166MiB(23%) CN:16 DL:2.6MiB ETA:48s]
[#255906 41MiB/166MiB(25%) CN:16 DL:2.6MiB ETA:47s]
[#255906 44MiB/166MiB(26%) CN:16 DL:2.6MiB ETA:46s]
[#255906 47MiB/166MiB(28%) CN:16 DL:2.6MiB ETA:45s]
 *** Download Progress Summary as of Thu Sep 17 14:53:28 2026 *** 
===============================================================================
[#255906 49MiB/166MiB(29%) CN:16 DL:2.6MiB ETA:43s]
FILE: /workspace/wheels/torch-2.5.1+cpu-cp312-cp312-linux_x86_64.whl
-------------------------------------------------------------------------------

[#255906 49MiB/166MiB(29%) CN:16 DL:2.6MiB ETA:43s]
[#255906 52MiB/166MiB(31%) CN:16 DL:2.6MiB ETA:42s]
[#255906 55MiB/166MiB(33%) CN:16 DL:2.6MiB ETA:41s]
[#255906 57MiB/166MiB(34%) CN:16 DL:2.7MiB ETA:40s]
 *** Download Progress Summary as of Thu Sep 17 14:53:32 2026 *** 
===============================================================================
[#255906 60MiB/166MiB(36%) CN:16 DL:2.7MiB ETA:39s]
FILE: /workspace/wheels/torch-2.5.1+cpu-cp312-cp312-linux_x86_64.whl
-------------------------------------------------------------------------------

[#255906 60MiB/166MiB(36%) CN:16 DL:2.7MiB ETA:39s]
[#255906 63MiB/166MiB(37%) CN:16 DL:2.7MiB ETA:38s]
[#255906 65MiB/166MiB(39%) CN:16 DL:2.6MiB ETA:37s]
[#255906 68MiB/166MiB(41%) CN:16 DL:2.6MiB ETA:36s]
 *** Download Progress Summary as of Thu Sep 17 14:53:36 2026 *** 
===============================================================================
[#255906 71MiB/166MiB(42%) CN:16 DL:2.7MiB ETA:35s]
FILE: /workspace/wheels/torch-2.5.1+cpu-cp312-cp312-linux_x86_64.whl
-------------------------------------------------------------------------------

[#255906 71MiB/166MiB(42%) CN:16 DL:2.7MiB ETA:35s]
[#255906 73MiB/166MiB(44%) CN:16 DL:2.6MiB ETA:34s]
[#255906 76MiB/166MiB(45%) CN:16 DL:2.6MiB ETA:33s]
[#255906 79MiB/166MiB(47%) CN:16 DL:2.6MiB ETA:32s]
 *** Download Progress Summary as of Thu Sep 17 14:53:40 2026 *** 
===============================================================================
[#255906 81MiB/166MiB(49%) CN:16 DL:2.6MiB ETA:31s]
FILE: /workspace/wheels/torch-2.5.1+cpu-cp312-cp312-linux_x86_64.whl
-------------------------------------------------------------------------------

[#255906 81MiB/166MiB(49%) CN:16 DL:2.6MiB ETA:31s]
[#255906 84MiB/166MiB(50%) CN:16 DL:2.6MiB ETA:30s]
[#255906 86MiB/166MiB(52%) CN:16 DL:2.6MiB ETA:29s]
[#255906 89MiB/166MiB(53%) CN:16 DL:2.6MiB ETA:29s]
 *** Download Progress Summary as of Thu Sep 17 14:53:44 2026 *** 
===============================================================================
[#255906 92MiB/166MiB(55%) CN:16 DL:2.6MiB ETA:28s]
FILE: /workspace/wheels/torch-2.5.1+cpu-cp312-cp312-linux_x86_64.whl
-------------------------------------------------------------------------------

[#255906 92MiB/166MiB(55%) CN:16 DL:2.6MiB ETA:28s]
[#255906 94MiB/166MiB(56%) CN:16 DL:2.6MiB ETA:27s]
[#255906 97MiB/166MiB(58%) CN:16 DL:2.6MiB ETA:26s]
[#255906 99MiB/166MiB(59%) CN:16 DL:2.6MiB ETA:25s]
 *** Download Progress Summary as of Thu Sep 17 14:53:48 2026 *** 
===============================================================================
[#255906 102MiB/166MiB(61%) CN:16 DL:2.6MiB ETA:24s]
FILE: /workspace/wheels/torch-2.5.1+cpu-cp312-cp312-linux_x86_64.whl
-------------------------------------------------------------------------------

[#255906 102MiB/166MiB(61%) CN:16 DL:2.6MiB ETA:24s]
[#255906 105MiB/166MiB(63%) CN:16 DL:2.6MiB ETA:23s]
[#255906 107MiB/166MiB(64%) CN:16 DL:2.6MiB ETA:22s]
[#255906 110MiB/166MiB(66%) CN:16 DL:2.6MiB ETA:21s]
 *** Download Progress Summary as of Thu Sep 17 14:53:52 2026 *** 
===============================================================================
[#255906 113MiB/166MiB(67%) CN:16 DL:2.6MiB ETA:20s]
FILE: /workspace/wheels/torch-2.5.1+cpu-cp312-cp312-linux_x86_64.whl
-------------------------------------------------------------------------------

[#255906 113MiB/166MiB(67%) CN:16 DL:2.6MiB ETA:20s]
[#255906 115MiB/166MiB(69%) CN:16 DL:2.6MiB ETA:19s]
[#255906 118MiB/166MiB(70%) CN:16 DL:2.6MiB ETA:18s]
[#255906 120MiB/166MiB(72%) CN:16 DL:2.6MiB ETA:17s]
 *** Download Progress Summary as of Thu Sep 17 14:53:56 2026 *** 
===============================================================================
[#255906 123MiB/166MiB(74%) CN:16 DL:2.6MiB ETA:16s]
FILE: /workspace/wheels/torch-2.5.1+cpu-cp312-cp312-linux_x86_64.whl
-------------------------------------------------------------------------------

[#255906 123MiB/166MiB(74%) CN:16 DL:2.6MiB ETA:16s]
[#255906 126MiB/166MiB(75%) CN:16 DL:2.6MiB ETA:15s]
[#255906 128MiB/166MiB(77%) CN:16 DL:2.6MiB ETA:14s]
[#255906 131MiB/166MiB(78%) CN:16 DL:2.6MiB ETA:13s]
 *** Download Progress Summary as of Thu Sep 17 14:54:00 2026 *** 
===============================================================================
[#255906 133MiB/166MiB(80%) CN:16 DL:2.6MiB ETA:12s]
FILE: /workspace/wheels/torch-2.5.1+cpu-cp312-cp312-linux_x86_64.whl
-------------------------------------------------------------------------------

[#255906 133MiB/166MiB(80%) CN:16 DL:2.6MiB ETA:12s]
[#255906 136MiB/166MiB(82%) CN:16 DL:2.6MiB ETA:11s]
[#255906 139MiB/166MiB(83%) CN:16 DL:2.6MiB ETA:10s]
[#255906 141MiB/166MiB(85%) CN:16 DL:2.6MiB ETA:9s]
 *** Download Progress Summary as of Thu Sep 17 14:54:04 2026 *** 
===============================================================================
[#255906 144MiB/166MiB(86%) CN:16 DL:2.6MiB ETA:8s]
FILE: /workspace/wheels/torch-2.5.1+cpu-cp312-cp312-linux_x86_64.whl
-------------------------------------------------------------------------------

[#255906 144MiB/166MiB(86%) CN:16 DL:2.6MiB ETA:8s]
[#255906 146MiB/166MiB(88%) CN:16 DL:2.6MiB ETA:7s]
[#255906 149MiB/166MiB(89%) CN:16 DL:2.6MiB ETA:6s]
[#255906 152MiB/166MiB(91%) CN:16 DL:2.6MiB ETA:5s]
 *** Download Progress Summary as of Thu Sep 17 14:54:08 2026 *** 
===============================================================================
[#255906 154MiB/166MiB(92%) CN:16 DL:2.6MiB ETA:4s]
FILE: /workspace/wheels/torch-2.5.1+cpu-cp312-cp312-linux_x86_64.whl
-------------------------------------------------------------------------------

[#255906 154MiB/166MiB(92%) CN:16 DL:2.6MiB ETA:4s]
[#255906 157MiB/166MiB(94%) CN:16 DL:2.5MiB ETA:3s]
[#255906 159MiB/166MiB(95%) CN:14 DL:2.5MiB ETA:2s]
[#255906 162MiB/166MiB(97%) CN:11 DL:2.6MiB ETA:1s]
 *** Download Progress Summary as of Thu Sep 17 14:54:12 2026 *** 
===============================================================================
[#255906 164MiB/166MiB(98%) CN:6 DL:2.5MiB]
FILE: /workspace/wheels/torch-2.5.1+cpu-cp312-cp312-linux_x86_64.whl
-------------------------------------------------------------------------------

[#255906 164MiB/166MiB(98%) CN:6 DL:2.5MiB]

09/17 14:54:13 [[1;32mNOTICE[0m] Download complete: /workspace/wheels/torch-2.5.1+cpu-cp312-cp312-linux_x86_64.whl

Download Results:
gid   |stat|avg speed  |path/URI
======+====+===========+=======================================================
255906|OK  |   2.5MiB/s|/workspace/wheels/torch-2.5.1+cpu-cp312-cp312-linux_x86_64.whl

Status Legend:
(OK):download completed.
